============================= test session starts =============================
platform win32 -- Python 3.13.5, pytest-9.0.3, pluggy-1.6.0 -- E:\Portfolio\my_portfolio\backend\.venv\Scripts\python.exe
cachedir: .pytest_cache
rootdir: E:\Portfolio\my_portfolio\backend
configfile: pyproject.toml
plugins: anyio-4.13.0, asyncio-1.3.0, mock-3.15.1
asyncio: mode=Mode.AUTO, debug=False, asyncio_default_fixture_loop_scope=None, asyncio_default_test_loop_scope=function
collecting ... 